2026-05-31 10:15:12,209 [INFO] main :: === Démarrage pipeline Séance 7 ===
2026-05-31 10:15:12,211 [INFO] main :: Partitions=4 | Consumers=2 | key_field=sensor_id | groupe=agri-stats
2026-05-31 10:15:12,213 [INFO] main :: Assignation : {'C0': [0, 2], 'C1': [1, 3]}
2026-05-31 10:15:12,214 [INFO] consumers :: [C0] démarrage — partitions assignées : [0, 2]
2026-05-31 10:15:12,215 [INFO] consumers :: [C1] démarrage — partitions assignées : [1, 3]
2026-05-31 10:15:14,218 [INFO] main :: [métriques] lag=2 | backlog={0: 1, 1: 0, 2: 1, 3: 0} | throughput={'C0': 3.2, 'C1': 4.6}
2026-05-31 10:15:16,219 [INFO] main :: [métriques] lag=1 | backlog={0: 0, 1: 0, 2: 1, 3: 0} | throughput={'C0': 7.2, 'C1': 8.8}
2026-05-31 10:15:18,220 [INFO] main :: [métriques] lag=1 | backlog={0: 0, 1: 0, 2: 0, 3: 1} | throughput={'C0': 8.6, 'C1': 11.4}
2026-05-31 10:15:20,221 [INFO] main :: [métriques] lag=1 | backlog={0: 0, 1: 0, 2: 0, 3: 1} | throughput={'C0': 7.2, 'C1': 13.0}
2026-05-31 10:15:22,222 [INFO] main :: [métriques] lag=1 | backlog={0: 0, 1: 0, 2: 0, 3: 1} | throughput={'C0': 6.8, 'C1': 13.6}
2026-05-31 10:15:24,223 [INFO] main :: [métriques] lag=2 | backlog={0: 0, 1: 0, 2: 0, 3: 2} | throughput={'C0': 6.4, 'C1': 13.2}
2026-05-31 10:15:26,224 [INFO] main :: [métriques] lag=1 | backlog={0: 0, 1: 0, 2: 0, 3: 1} | throughput={'C0': 6.8, 'C1': 13.2}
2026-05-31 10:15:28,228 [INFO] main :: [métriques] lag=1 | backlog={0: 0, 1: 0, 2: 1, 3: 0} | throughput={'C0': 7.8, 'C1': 12.2}
2026-05-31 10:15:30,231 [INFO] main :: [métriques] lag=1 | backlog={0: 1, 1: 0, 2: 0, 3: 0} | throughput={'C0': 7.6, 'C1': 12.4}
2026-05-31 10:15:32,232 [INFO] main :: [métriques] lag=1 | backlog={0: 0, 1: 0, 2: 1, 3: 0} | throughput={'C0': 8.0, 'C1': 11.8}
2026-05-31 10:15:34,233 [INFO] main :: [métriques] lag=1 | backlog={0: 0, 1: 0, 2: 0, 3: 1} | throughput={'C0': 8.0, 'C1': 12.2}
2026-05-31 10:15:36,234 [INFO] main :: [métriques] lag=1 | backlog={0: 0, 1: 0, 2: 0, 3: 1} | throughput={'C0': 9.0, 'C1': 10.8}
2026-05-31 10:15:38,235 [INFO] main :: [métriques] lag=1 | backlog={0: 0, 1: 0, 2: 0, 3: 1} | throughput={'C0': 10.2, 'C1': 9.6}
2026-05-31 10:15:40,236 [INFO] main :: [métriques] lag=1 | backlog={0: 1, 1: 0, 2: 0, 3: 0} | throughput={'C0': 10.2, 'C1': 9.6}
2026-05-31 10:15:42,237 [INFO] main :: [métriques] lag=1 | backlog={0: 0, 1: 0, 2: 1, 3: 0} | throughput={'C0': 9.0, 'C1': 11.0}
2026-05-31 10:15:42,254 [INFO] consumers :: [C0] arrêt propre — offsets flushés
2026-05-31 10:15:42,279 [INFO] consumers :: [C1] arrêt propre — offsets flushés
2026-05-31 10:15:42,280 [INFO] main :: Offsets finaux : {'agri-stats': {'2': 169, '3': 351, '0': 72, '1': 0}}
2026-05-31 10:15:42,280 [INFO] main :: Partitions broker : {0: 72, 1: 0, 2: 169, 3: 351}
2026-05-31 10:15:42,281 [INFO] main :: === Pipeline arrêté ===
2026-05-31 10:16:08,396 [INFO] main :: === Démarrage pipeline Séance 7 ===
2026-05-31 10:16:08,397 [INFO] main :: Partitions=4 | Consumers=2 | key_field=sensor_id | groupe=agri-stats
2026-05-31 10:16:08,419 [INFO] main :: Assignation : {'C0': [0, 2], 'C1': [1, 3]}
2026-05-31 10:16:08,422 [INFO] consumers :: [C0] démarrage — partitions assignées : [0, 2]
2026-05-31 10:16:08,422 [INFO] consumers :: [C1] démarrage — partitions assignées : [1, 3]
2026-05-31 10:16:10,425 [INFO] main :: [métriques] lag=0 | backlog={0: 0, 1: 0, 2: 0, 3: 0} | throughput={}
2026-05-31 10:16:12,426 [INFO] main :: [métriques] lag=0 | backlog={0: 0, 1: 0, 2: 0, 3: 0} | throughput={}
2026-05-31 10:16:14,428 [INFO] main :: [métriques] lag=0 | backlog={0: 0, 1: 0, 2: 0, 3: 0} | throughput={}
2026-05-31 10:16:16,428 [INFO] main :: [métriques] lag=0 | backlog={0: 0, 1: 0, 2: 0, 3: 0} | throughput={}
2026-05-31 10:16:18,429 [INFO] main :: [métriques] lag=0 | backlog={0: 0, 1: 0, 2: 0, 3: 0} | throughput={}
2026-05-31 10:16:20,433 [INFO] main :: [métriques] lag=0 | backlog={0: 0, 1: 0, 2: 0, 3: 0} | throughput={}
2026-05-31 10:16:22,435 [INFO] main :: [métriques] lag=0 | backlog={0: 0, 1: 0, 2: 0, 3: 0} | throughput={}
2026-05-31 10:16:24,436 [INFO] main :: [métriques] lag=0 | backlog={0: 0, 1: 0, 2: 0, 3: 0} | throughput={}
2026-05-31 10:16:26,437 [INFO] main :: [métriques] lag=0 | backlog={0: 0, 1: 0, 2: 0, 3: 0} | throughput={}
2026-05-31 10:16:28,438 [INFO] main :: [métriques] lag=0 | backlog={0: 0, 1: 0, 2: 0, 3: 0} | throughput={}
2026-05-31 10:16:30,440 [INFO] main :: [métriques] lag=0 | backlog={0: 0, 1: 0, 2: 0, 3: 0} | throughput={}
2026-05-31 10:16:32,441 [INFO] main :: [métriques] lag=0 | backlog={0: 0, 1: 0, 2: 0, 3: 0} | throughput={}
2026-05-31 10:16:34,442 [INFO] main :: [métriques] lag=1 | backlog={0: 1, 1: 0, 2: 0, 3: 0} | throughput={}
2026-05-31 10:16:36,445 [INFO] main :: [métriques] lag=0 | backlog={0: 0, 1: 0, 2: 0, 3: 0} | throughput={'C0': 1.2}
2026-05-31 10:16:38,447 [INFO] main :: [métriques] lag=1 | backlog={0: 1, 1: 0, 2: 0, 3: 0} | throughput={'C0': 2.4, 'C1': 0.4}
2026-05-31 10:16:38,469 [INFO] consumers :: [C0] arrêt propre — offsets flushés
2026-05-31 10:16:38,481 [INFO] consumers :: [C1] arrêt propre — offsets flushés
2026-05-31 10:16:38,481 [INFO] main :: Offsets finaux : {'agri-stats': {'2': 169, '3': 353, '0': 84, '1': 0}}
2026-05-31 10:16:38,482 [INFO] main :: Partitions broker : {0: 84, 1: 0, 2: 153, 3: 353}
2026-05-31 10:16:38,482 [INFO] main :: === Pipeline arrêté ===
