2026-05-30 21:05:59,481 [Worker-1] INFO [Worker-1] Retry #1 647f6e52 | val=-999.0
2026-05-30 21:05:59,481 [Worker-2] INFO [Worker-2] Retry #2 647f6e52 | val=-999.0
2026-05-30 21:05:59,482 [Worker-1] WARNING [Worker-1] DLQ 647f6e52 après 3 tentatives
2026-05-30 21:05:59,497 [Worker-1] INFO [Worker-1] Retry #1 d08da993 | val=-999.0
2026-05-30 21:05:59,497 [Worker-2] INFO [Worker-2] Retry #2 d08da993 | val=-999.0
2026-05-30 21:05:59,497 [Worker-1] WARNING [Worker-1] DLQ d08da993 après 3 tentatives
2026-05-30 21:05:59,511 [Worker-2] INFO [Worker-2] Retry #1 735c411c | val=-999.0
2026-05-30 21:05:59,511 [Worker-1] INFO [Worker-1] Retry #2 735c411c | val=-999.0
2026-05-30 21:05:59,512 [Worker-2] WARNING [Worker-2] DLQ 735c411c après 3 tentatives
2026-05-30 21:05:59,558 [Worker-1] INFO [Worker-1] Retry #1 f1c14452 | val=-999.0
2026-05-30 21:05:59,558 [Worker-1] INFO [Worker-1] Retry #2 f1c14452 | val=-999.0
2026-05-30 21:05:59,558 [Worker-1] WARNING [Worker-1] DLQ f1c14452 après 3 tentatives
2026-05-30 21:05:59,582 [Worker-1] INFO [Worker-1] Retry #1 2bc6f55c | val=-999.0
2026-05-30 21:05:59,582 [Worker-2] INFO [Worker-2] Retry #2 2bc6f55c | val=-999.0
2026-05-30 21:05:59,582 [Worker-1] WARNING [Worker-1] DLQ 2bc6f55c après 3 tentatives
2026-05-30 21:05:59,758 [Prod-1] INFO [Prod-1] Burst 1/5 terminé (produit=30, droppé=0)
2026-05-30 21:05:59,769 [Prod-3] INFO [Prod-3] Burst 1/5 terminé (produit=30, droppé=0)
2026-05-30 21:05:59,788 [Prod-2] INFO [Prod-2] Burst 1/5 terminé (produit=30, droppé=0)
2026-05-30 21:06:00,282 [Worker-2] INFO [Worker-2] Retry #1 7a6efec9 | val=-999.0
2026-05-30 21:06:00,282 [Worker-1] INFO [Worker-1] Retry #2 7a6efec9 | val=-999.0
2026-05-30 21:06:00,282 [Worker-2] WARNING [Worker-2] DLQ 7a6efec9 après 3 tentatives
2026-05-30 21:06:00,285 [Worker-1] INFO [Worker-1] Retry #1 edd25ff9 | val=-999.0
2026-05-30 21:06:00,285 [Worker-2] INFO [Worker-2] Retry #2 edd25ff9 | val=-999.0
2026-05-30 21:06:00,285 [Worker-1] WARNING [Worker-1] DLQ edd25ff9 après 3 tentatives
2026-05-30 21:06:00,342 [Worker-1] INFO [Worker-1] Retry #1 74403a9d | val=-999.0
2026-05-30 21:06:00,342 [Worker-2] INFO [Worker-2] Retry #2 74403a9d | val=-999.0
2026-05-30 21:06:00,342 [Worker-1] WARNING [Worker-1] DLQ 74403a9d après 3 tentatives
2026-05-30 21:06:00,354 [Worker-2] INFO [Worker-2] Retry #1 b4211c64 | val=-999.0
2026-05-30 21:06:00,354 [Worker-1] INFO [Worker-1] Retry #2 b4211c64 | val=-999.0
2026-05-30 21:06:00,354 [Worker-2] WARNING [Worker-2] DLQ b4211c64 après 3 tentatives
2026-05-30 21:06:00,364 [Worker-1] INFO [Worker-1] Retry #1 224735fa | val=-999.0
2026-05-30 21:06:00,364 [Worker-2] INFO [Worker-2] Retry #2 224735fa | val=-999.0
2026-05-30 21:06:00,364 [Worker-1] WARNING [Worker-1] DLQ 224735fa après 3 tentatives
2026-05-30 21:06:00,370 [Worker-1] INFO [Worker-1] Retry #1 e7ed3d30 | val=-999.0
2026-05-30 21:06:00,370 [Worker-2] INFO [Worker-2] Retry #2 e7ed3d30 | val=-999.0
2026-05-30 21:06:00,371 [Worker-1] WARNING [Worker-1] DLQ e7ed3d30 après 3 tentatives
2026-05-30 21:06:00,375 [Worker-2] INFO [Worker-2] Retry #1 e7701c76 | val=-999.0
2026-05-30 21:06:00,375 [Worker-1] INFO [Worker-1] Retry #2 e7701c76 | val=-999.0
2026-05-30 21:06:00,375 [Worker-2] WARNING [Worker-2] DLQ e7701c76 après 3 tentatives
2026-05-30 21:06:00,492 [Worker-1] INFO [Worker-1] Retry #1 756f500d | val=-999.0
2026-05-30 21:06:00,492 [Worker-2] INFO [Worker-2] Retry #2 756f500d | val=-999.0
2026-05-30 21:06:00,492 [Worker-1] WARNING [Worker-1] DLQ 756f500d après 3 tentatives
2026-05-30 21:06:00,598 [Prod-1] INFO [Prod-1] Burst 2/5 terminé (produit=60, droppé=0)
2026-05-30 21:06:00,606 [Prod-3] INFO [Prod-3] Burst 2/5 terminé (produit=60, droppé=0)
2026-05-30 21:06:00,617 [Prod-2] INFO [Prod-2] Burst 2/5 terminé (produit=60, droppé=0)
2026-05-30 21:06:01,110 [Worker-1] INFO [Worker-1] Retry #1 58efaa07 | val=-999.0
2026-05-30 21:06:01,110 [Worker-2] INFO [Worker-2] Retry #2 58efaa07 | val=-999.0
2026-05-30 21:06:01,110 [Worker-1] WARNING [Worker-1] DLQ 58efaa07 après 3 tentatives
2026-05-30 21:06:01,145 [Worker-2] INFO [Worker-2] Retry #1 2dc5d9ff | val=-999.0
2026-05-30 21:06:01,146 [Worker-1] INFO [Worker-1] Retry #2 2dc5d9ff | val=-999.0
2026-05-30 21:06:01,146 [Worker-2] WARNING [Worker-2] DLQ 2dc5d9ff après 3 tentatives
2026-05-30 21:06:01,181 [Worker-1] INFO [Worker-1] Retry #1 1d356fd7 | val=-999.0
2026-05-30 21:06:01,181 [Worker-2] INFO [Worker-2] Retry #2 1d356fd7 | val=-999.0
2026-05-30 21:06:01,181 [Worker-1] WARNING [Worker-1] DLQ 1d356fd7 après 3 tentatives
2026-05-30 21:06:01,223 [Worker-1] INFO [Worker-1] Retry #1 38128322 | val=-999.0
2026-05-30 21:06:01,223 [Worker-2] INFO [Worker-2] Retry #2 38128322 | val=-999.0
2026-05-30 21:06:01,223 [Worker-1] WARNING [Worker-1] DLQ 38128322 après 3 tentatives
2026-05-30 21:06:01,283 [Worker-1] INFO [Worker-1] Retry #1 76a99661 | val=-999.0
2026-05-30 21:06:01,283 [Worker-2] INFO [Worker-2] Retry #2 76a99661 | val=-999.0
2026-05-30 21:06:01,283 [Worker-1] WARNING [Worker-1] DLQ 76a99661 après 3 tentatives
2026-05-30 21:06:01,286 [Worker-2] INFO [Worker-2] Retry #1 d4d5bbc7 | val=-999.0
2026-05-30 21:06:01,286 [Worker-1] INFO [Worker-1] Retry #2 d4d5bbc7 | val=-999.0
2026-05-30 21:06:01,286 [Worker-2] WARNING [Worker-2] DLQ d4d5bbc7 après 3 tentatives
2026-05-30 21:06:01,308 [Worker-2] INFO [Worker-2] Retry #1 aad8e6b1 | val=-999.0
2026-05-30 21:06:01,308 [Worker-1] INFO [Worker-1] Retry #2 aad8e6b1 | val=-999.0
2026-05-30 21:06:01,308 [Worker-2] WARNING [Worker-2] DLQ aad8e6b1 après 3 tentatives
2026-05-30 21:06:01,316 [Worker-2] INFO [Worker-2] Retry #1 d1b7fb6b | val=-999.0
2026-05-30 21:06:01,316 [Worker-1] INFO [Worker-1] Retry #2 d1b7fb6b | val=-999.0
2026-05-30 21:06:01,316 [Worker-2] WARNING [Worker-2] DLQ d1b7fb6b après 3 tentatives
2026-05-30 21:06:01,319 [Worker-1] INFO [Worker-1] Retry #1 e81af8b8 | val=-999.0
2026-05-30 21:06:01,319 [Worker-2] INFO [Worker-2] Retry #2 e81af8b8 | val=-999.0
2026-05-30 21:06:01,319 [Worker-1] WARNING [Worker-1] DLQ e81af8b8 après 3 tentatives
2026-05-30 21:06:01,358 [Worker-1] INFO [Worker-1] Retry #1 0d500960 | val=-999.0
2026-05-30 21:06:01,358 [Worker-2] INFO [Worker-2] Retry #2 0d500960 | val=-999.0
2026-05-30 21:06:01,358 [Worker-1] WARNING [Worker-1] DLQ 0d500960 après 3 tentatives
2026-05-30 21:06:01,361 [Worker-2] INFO [Worker-2] Retry #1 a617bd54 | val=-999.0
2026-05-30 21:06:01,361 [Worker-1] INFO [Worker-1] Retry #2 a617bd54 | val=-999.0
2026-05-30 21:06:01,361 [Worker-2] WARNING [Worker-2] DLQ a617bd54 après 3 tentatives
2026-05-30 21:06:01,408 [Prod-2] INFO [Prod-2] Burst 3/5 terminé (produit=90, droppé=0)
2026-05-30 21:06:01,409 [Worker-1] INFO [Worker-1] Retry #1 c097e374 | val=-999.0
2026-05-30 21:06:01,409 [Worker-2] INFO [Worker-2] Retry #2 c097e374 | val=-999.0
2026-05-30 21:06:01,409 [Worker-1] WARNING [Worker-1] DLQ c097e374 après 3 tentatives
2026-05-30 21:06:01,422 [Prod-1] INFO [Prod-1] Burst 3/5 terminé (produit=90, droppé=0)
2026-05-30 21:06:01,435 [Prod-3] INFO [Prod-3] Burst 3/5 terminé (produit=90, droppé=0)
2026-05-30 21:06:01,936 [Worker-1] INFO [Worker-1] Retry #1 d2c1f796 | val=-999.0
2026-05-30 21:06:01,936 [Worker-2] INFO [Worker-2] Retry #2 d2c1f796 | val=-999.0
2026-05-30 21:06:01,936 [Worker-1] WARNING [Worker-1] DLQ d2c1f796 après 3 tentatives
2026-05-30 21:06:01,947 [Worker-2] INFO [Worker-2] Retry #1 884cd729 | val=-999.0
2026-05-30 21:06:01,947 [Worker-1] INFO [Worker-1] Retry #2 884cd729 | val=-999.0
2026-05-30 21:06:01,947 [Worker-2] WARNING [Worker-2] DLQ 884cd729 après 3 tentatives
2026-05-30 21:06:02,021 [Worker-1] INFO [Worker-1] Retry #1 3a5988bc | val=-999.0
2026-05-30 21:06:02,022 [Worker-2] INFO [Worker-2] Retry #2 3a5988bc | val=-999.0
2026-05-30 21:06:02,022 [Worker-1] WARNING [Worker-1] DLQ 3a5988bc après 3 tentatives
2026-05-30 21:06:02,058 [Worker-2] INFO [Worker-2] Retry #1 1dd41d9c | val=-999.0
2026-05-30 21:06:02,058 [Worker-1] INFO [Worker-1] Retry #2 1dd41d9c | val=-999.0
2026-05-30 21:06:02,058 [Worker-2] WARNING [Worker-2] DLQ 1dd41d9c après 3 tentatives
2026-05-30 21:06:02,061 [Worker-2] INFO [Worker-2] Retry #1 c8b5b367 | val=-999.0
2026-05-30 21:06:02,061 [Worker-1] INFO [Worker-1] Retry #2 c8b5b367 | val=-999.0
2026-05-30 21:06:02,061 [Worker-2] WARNING [Worker-2] DLQ c8b5b367 après 3 tentatives
2026-05-30 21:06:02,097 [Worker-1] INFO [Worker-1] Retry #1 e19d1749 | val=-999.0
2026-05-30 21:06:02,097 [Worker-2] INFO [Worker-2] Retry #2 e19d1749 | val=-999.0
2026-05-30 21:06:02,097 [Worker-1] WARNING [Worker-1] DLQ e19d1749 après 3 tentatives
2026-05-30 21:06:02,142 [Worker-1] INFO [Worker-1] Retry #1 49e02198 | val=-999.0
2026-05-30 21:06:02,142 [Worker-2] INFO [Worker-2] Retry #2 49e02198 | val=-999.0
2026-05-30 21:06:02,143 [Worker-1] WARNING [Worker-1] DLQ 49e02198 après 3 tentatives
2026-05-30 21:06:02,153 [Worker-1] INFO [Worker-1] Retry #1 4bf4b5ca | val=-999.0
2026-05-30 21:06:02,153 [Worker-2] INFO [Worker-2] Retry #2 4bf4b5ca | val=-999.0
2026-05-30 21:06:02,153 [Worker-1] WARNING [Worker-1] DLQ 4bf4b5ca après 3 tentatives
2026-05-30 21:06:02,164 [Worker-2] INFO [Worker-2] Retry #1 599d0933 | val=-999.0
2026-05-30 21:06:02,164 [Worker-1] INFO [Worker-1] Retry #2 599d0933 | val=-999.0
2026-05-30 21:06:02,164 [Worker-2] WARNING [Worker-2] DLQ 599d0933 après 3 tentatives
2026-05-30 21:06:02,202 [Prod-2] INFO [Prod-2] Burst 4/5 terminé (produit=120, droppé=0)
2026-05-30 21:06:02,220 [Prod-1] INFO [Prod-1] Burst 4/5 terminé (produit=120, droppé=0)
2026-05-30 21:06:02,252 [Prod-3] INFO [Prod-3] Burst 4/5 terminé (produit=120, droppé=0)
2026-05-30 21:06:02,759 [Worker-1] INFO [Worker-1] Retry #1 5ea0c68c | val=-999.0
2026-05-30 21:06:02,759 [Worker-2] INFO [Worker-2] Retry #2 5ea0c68c | val=-999.0
2026-05-30 21:06:02,759 [Worker-1] WARNING [Worker-1] DLQ 5ea0c68c après 3 tentatives
2026-05-30 21:06:02,817 [Worker-2] INFO [Worker-2] Retry #1 7f182372 | val=-999.0
2026-05-30 21:06:02,817 [Worker-1] INFO [Worker-1] Retry #2 7f182372 | val=-999.0
2026-05-30 21:06:02,817 [Worker-2] WARNING [Worker-2] DLQ 7f182372 après 3 tentatives
2026-05-30 21:06:02,864 [Worker-2] INFO [Worker-2] Retry #1 ea972878 | val=-999.0
2026-05-30 21:06:02,864 [Worker-1] INFO [Worker-1] Retry #2 ea972878 | val=-999.0
2026-05-30 21:06:02,864 [Worker-2] WARNING [Worker-2] DLQ ea972878 après 3 tentatives
2026-05-30 21:06:02,876 [Worker-1] INFO [Worker-1] Retry #1 7b268018 | val=-999.0
2026-05-30 21:06:02,876 [Worker-2] INFO [Worker-2] Retry #2 7b268018 | val=-999.0
2026-05-30 21:06:02,876 [Worker-1] WARNING [Worker-1] DLQ 7b268018 après 3 tentatives
2026-05-30 21:06:02,908 [Worker-2] INFO [Worker-2] Retry #1 94f59980 | val=-999.0
2026-05-30 21:06:02,908 [Worker-1] INFO [Worker-1] Retry #2 94f59980 | val=-999.0
2026-05-30 21:06:02,908 [Worker-2] WARNING [Worker-2] DLQ 94f59980 après 3 tentatives
2026-05-30 21:06:02,913 [Worker-1] INFO [Worker-1] Retry #1 1d14e4fa | val=-999.0
2026-05-30 21:06:02,913 [Worker-2] INFO [Worker-2] Retry #2 1d14e4fa | val=-999.0
2026-05-30 21:06:02,914 [Worker-1] WARNING [Worker-1] DLQ 1d14e4fa après 3 tentatives
2026-05-30 21:06:02,939 [Worker-1] INFO [Worker-1] Retry #1 39e24002 | val=-999.0
2026-05-30 21:06:02,939 [Worker-2] INFO [Worker-2] Retry #2 39e24002 | val=-999.0
2026-05-30 21:06:02,939 [Worker-1] WARNING [Worker-1] DLQ 39e24002 après 3 tentatives
2026-05-30 21:06:02,945 [Worker-1] INFO [Worker-1] Retry #1 225fed67 | val=-999.0
2026-05-30 21:06:02,945 [Worker-1] INFO [Worker-1] Retry #2 225fed67 | val=-999.0
2026-05-30 21:06:02,945 [Worker-1] WARNING [Worker-1] DLQ 225fed67 après 3 tentatives
2026-05-30 21:06:02,956 [Worker-1] INFO [Worker-1] Retry #1 4048c2c2 | val=-999.0
2026-05-30 21:06:02,957 [Worker-1] INFO [Worker-1] Retry #2 4048c2c2 | val=-999.0
2026-05-30 21:06:02,957 [Worker-2] WARNING [Worker-2] DLQ 4048c2c2 après 3 tentatives
2026-05-30 21:06:02,970 [Worker-1] INFO [Worker-1] Retry #1 f63a2119 | val=-999.0
2026-05-30 21:06:02,970 [Worker-2] INFO [Worker-2] Retry #2 f63a2119 | val=-999.0
2026-05-30 21:06:02,971 [Worker-1] WARNING [Worker-1] DLQ f63a2119 après 3 tentatives
2026-05-30 21:06:02,995 [Worker-1] INFO [Worker-1] Retry #1 953636e9 | val=-999.0
2026-05-30 21:06:02,995 [Worker-2] INFO [Worker-2] Retry #2 953636e9 | val=-999.0
2026-05-30 21:06:02,995 [Worker-1] WARNING [Worker-1] DLQ 953636e9 après 3 tentatives
2026-05-30 21:06:02,998 [Worker-2] INFO [Worker-2] Retry #1 03b2aea0 | val=-999.0
2026-05-30 21:06:02,998 [Worker-1] INFO [Worker-1] Retry #2 03b2aea0 | val=-999.0
2026-05-30 21:06:02,998 [Worker-2] WARNING [Worker-2] DLQ 03b2aea0 après 3 tentatives
2026-05-30 21:06:03,024 [Prod-2] INFO [Prod-2] Burst 5/5 terminé (produit=150, droppé=0)
2026-05-30 21:06:03,029 [Worker-2] INFO [Worker-2] Retry #1 6f6d3855 | val=-999.0
2026-05-30 21:06:03,029 [Worker-2] INFO [Worker-2] Retry #2 6f6d3855 | val=-999.0
2026-05-30 21:06:03,029 [Worker-2] WARNING [Worker-2] DLQ 6f6d3855 après 3 tentatives
2026-05-30 21:06:03,055 [Prod-3] INFO [Prod-3] Burst 5/5 terminé (produit=150, droppé=0)
2026-05-30 21:06:03,067 [Prod-1] INFO [Prod-1] Burst 5/5 terminé (produit=150, droppé=0)
2026-05-30 21:06:03,525 [Prod-2] INFO [Prod-2] Terminé : 150 produits, 0 droppés
2026-05-30 21:06:03,556 [Prod-3] INFO [Prod-3] Terminé : 150 produits, 0 droppés
2026-05-30 21:06:03,568 [Prod-1] INFO [Prod-1] Terminé : 150 produits, 0 droppés
2026-05-30 21:06:03,568 [MainThread] INFO Tous les producteurs ont terminé.
2026-05-30 21:06:03,568 [MainThread] INFO Queue principale vidée.
2026-05-30 21:06:05,472 [MainThread] INFO Dead-letters sauvegardés : 47
2026-05-30 21:06:05,477 [MainThread] INFO Agrégation exportée : 9 capteurs
2026-05-30 21:06:05,477 [MainThread] INFO Pipeline terminé.
